{
  "name": "Tamara Skibicki",
  "email_address": "pit@ackermannsehls.org",
  "phone_numbers": [
    {
      "type": "work",
      "number": "(03867) 3074101"
    },
    {
      "type": "mobile",
      "number": "+49-077-1634655"
    },
    {
      "type": "other",
      "number": "2134"
    }
  ],
  "address": {},
  "comment": "fake profile",
  "changed_at": "2016-04-24T10:30:07+00:00",
  "created_at": "2016-04-24T10:30:07+00:00",
  "version": 23
}